[sevenroofing.com.au/index.html]
[sevenroofing.com.au/i]
[backblue.gif]
[fade.gif]
[index.html]
[sevenroofing.com.au/wp-content/uploads/2021/04/favicon.png]
[sevenroofing.com.au/wp-content/themes/sevenroofing/assets/fonts/Poppins-Regular.woff2]
[sevenroofing.com.au/wp-content/themes/sevenroofing/assets/fonts/Poppins-Regular.eot]
[sevenroofing.com.au/wp-content/uploads/2021/04/bg_banner_desk01.jpg]
[sevenroofing.com.au/wp-json/oembed/1.0/embed57e5.json]
[sevenroofing.com.au/Firefox/index.html]
[sevenroofing.com.au/wp-json/oembed/1.0/embedbcbb]
[sevenroofing.com.au/wp-content/cache/min/1/wp-content/themes/sevenroofing/assets/css/font-awesome.min823b.css]
[sevenroofing.com.au/wp-content/cache/min/1/wp-content/themes/sevenroofing/assets/css/slick-theme823b.css]
[sevenroofing.com.au/wp-content/cache/min/1/wp-content/themes/sevenroofing/assets/css/slick823b.css]
[sevenroofing.com.au/wp-content/cache/min/1/wp-content/themes/sevenroofing/assets/css/common823b.css]
[sevenroofing.com.au/wp-content/cache/min/1/wp-content/themes/sevenroofing/assets/css/common-critical823b.css]
[sevenroofing.com.au/wp-content/cache/min/1/wp-content/themes/sevenroofing/assets/css/animate823b.css]
[sevenroofing.com.au/wp-content/cache/min/1/wp-content/themes/sevenroofing/assets/css/home823b.css]
[sevenroofing.com.au/wp-json/index.html]
[sevenroofing.com.au/wp-json/wp/v2/pages/5.json]
[sevenroofing.com.au/wp-content/cache/min/1/wp-content/plugins/contact-form-7/includes/css/styles823b.css]
[sevenroofing.com.au/wp-content/uploads/2021/04/logo.png]
[sevenroofing.com.au/wp-content/themes/sevenroofing/assets/images/icon_call_dark.svg]
[sevenroofing.com.au/wp-content/uploads/2021/04/icon_fixedupfront.svg]
[sevenroofing.com.au/about/index.html]
[sevenroofing.com.au/wp-content/uploads/2021/04/icon_moneyback.svg]
[sevenroofing.com.au/wp-content/uploads/2021/04/icon_paymentplan.svg]
[sevenroofing.com.au/services/index.html]
[sevenroofing.com.au/wp-content/uploads/2021/04/icon_fullyqualify.svg]
[sevenroofing.com.au/wp-content/uploads/2021/04/icon_residential_dark.svg]
[sevenroofing.com.au/wp-content/uploads/2021/04/icon_commercial_dark.svg]
[sevenroofing.com.au/wp-content/uploads/2021/04/roofing_repairs_01-733x422.jpg]
[sevenroofing.com.au/wp-content/uploads/2022/01/roof-restorations.jpg]
[sevenroofing.com.au/services/roof-restorations/index.html]
[sevenroofing.com.au/wp-content/themes/sevenroofing/assets/images/icon_larrow_right_dark.svg]
[sevenroofing.com.au/wp-content/uploads/2022/01/roof-repairs.jpg]
[sevenroofing.com.au/wp-content/uploads/2022/01/roof-replacement.jpg]
[sevenroofing.com.au/services/roof-repairs/index.html]
[sevenroofing.com.au/wp-content/uploads/2022/01/roof-guttering.jpg]
[sevenroofing.com.au/wp-content/uploads/2021/04/bg_whychoose.jpg]
[sevenroofing.com.au/wp-content/uploads/2021/04/icon_10years-1.svg]
[sevenroofing.com.au/wp-content/uploads/2021/04/icon_paymentplan-1.svg]
[sevenroofing.com.au/services/roof-replacements/index.html]
[sevenroofing.com.au/wp-content/uploads/2021/04/icon_fullyqualify-1.svg]
[sevenroofing.com.au/wp-content/uploads/2021/04/icon_sourced.svg]
[sevenroofing.com.au/wp-content/uploads/2021/04/icon_moneyback-1.svg]
[sevenroofing.com.au/services/roof-guttering/index.html]
[sevenroofing.com.au/wp-content/uploads/2021/04/icon_hia.svg]
[sevenroofing.com.au/wp-content/uploads/2021/04/icon_fixedupfront-1.svg]
[sevenroofing.com.au/wp-content/uploads/2021/04/text_name.svg]
[sevenroofing.com.au/wp-content/uploads/2021/04/why_you_need.jpg]
[sevenroofing.com.au/colour-chart/index.html]
[sevenroofing.com.au/wp-content/uploads/2025/03/roofing-gutters-gif.gif]
[sevenroofing.com.au/wp-content/uploads/2021/04/logo_hia.svg]
[sevenroofing.com.au/wp-content/uploads/2021/04/gallery_before_01.jpg]
[sevenroofing.com.au/areas-we-serve/index.html]
[sevenroofing.com.au/wp-content/uploads/2021/04/gallery_after_01.jpg]
[sevenroofing.com.au/wp-content/uploads/2021/04/brand_acegutters-1-213x80.png]
[sevenroofing.com.au/wp-content/uploads/2021/04/brand_colorbond-1-213x80.png]
[sevenroofing.com.au/wp-content/uploads/2021/04/brand_nutech-213x80.png]
[sevenroofing.com.au/areas-we-serve/northern-suburbs/index.html]
[sevenroofing.com.au/wp-content/uploads/2021/04/brand_starpoint-213x80.png]
[sevenroofing.com.au/wp-content/uploads/trustindex-google-widgetf760.css]
[sevenroofing.com.au/wp-content/themes/sevenroofing/assets/images/icon_call_light.svg]
[sevenroofing.com.au/wp-content/themes/sevenroofing/assets/images/icon_location_ligth.svg]
[sevenroofing.com.au/areas-we-serve/brunswick/index.html]
[sevenroofing.com.au/wp-content/themes/sevenroofing/assets/images/icon_plane_light.svg]
[sevenroofing.com.au/wp-content/uploads/2021/04/bg_footer.jpg]
[cdn.trustindex.io/loader68b3.js]
[sevenroofing.com.au/index.html]
[sevenroofing.com.au/areas-we-serve/bundoora/index.html]
[sevenroofing.com.au/i.html]
[sevenroofing.com.au/areas-we-serve/coburg/index.html]
[sevenroofing.com.au/Firefox/index.html]
[sevenroofing.com.au/areas-we-serve/campbellfield/index.html]
[sevenroofing.com.au/areas-we-serve/epping/index.html]
[sevenroofing.com.au/areas-we-serve/heidelberg/index.html]
[sevenroofing.com.au/areas-we-serve/preston/index.html]
[sevenroofing.com.au/wp-content/themes/sevenroofing/assets/fonts/fontawesome-webfont3e6e.woff2]
[sevenroofing.com.au/areas-we-serve/reservoir/index.html]
[sevenroofing.com.au/wp-content/themes/sevenroofing/assets/fonts/fontawesome-webfont3e6e.woff]
[sevenroofing.com.au/areas-we-serve/thomastown/index.html]
[sevenroofing.com.au/areas-we-serve/thornbury/index.html]
[sevenroofing.com.au/wp-content/themes/sevenroofing/assets/fonts/fontawesome-webfont3e6e.ttf]
[sevenroofing.com.au/wp-content/cache/min/1/wp-content/themes/sevenroofing/assets/css/font-awesome.min823b.css]
[sevenroofing.com.au/wp-content/cache/min/1/wp-content/themes/sevenroofing/assets/css/slick-theme823b.css]
[sevenroofing.com.au/wp-content/cache/min/1/wp-content/themes/sevenroofing/assets/css/slick823b.css]
[sevenroofing.com.au/areas-we-serve/avondale-heights/index.html]
[sevenroofing.com.au/areas-we-serve/essendon/index.html]
[sevenroofing.com.au/wp-content/themes/sevenroofing/assets/fonts/fontawesome-webfont3e6e.svg]
[sevenroofing.com.au/areas-we-serve/greenvale/index.html]
[sevenroofing.com.au/areas-we-serve/keilor-east/index.html]
[sevenroofing.com.au/wp-content/themes/sevenroofing/assets/fonts/Poppins-Regulard41d.eot]
[sevenroofing.com.au/areas-we-serve/moonee-ponds/index.html]
[sevenroofing.com.au/wp-content/themes/sevenroofing/assets/fonts/Poppins-Regular.woff]
[sevenroofing.com.au/wp-content/themes/sevenroofing/assets/fonts/Poppins-Regular.ttf]
[sevenroofing.com.au/wp-content/themes/sevenroofing/assets/fonts/Poppins-Regular.svg]
[sevenroofing.com.au/wp-content/themes/sevenroofing/assets/fonts/Poppins-SemiBold.eot]
[sevenroofing.com.au/wp-content/themes/sevenroofing/assets/fonts/Poppins-SemiBoldd41d.eot]
[sevenroofing.com.au/areas-we-serve/south-morang/index.html]
[sevenroofing.com.au/wp-content/themes/sevenroofing/assets/fonts/Poppins-SemiBold.woff2]
[sevenroofing.com.au/wp-content/themes/sevenroofing/assets/fonts/Poppins-SemiBold.woff]
[sevenroofing.com.au/wp-content/themes/sevenroofing/assets/fonts/Poppins-SemiBold.ttf]
[sevenroofing.com.au/areas-we-serve/sunshine/index.html]
[sevenroofing.com.au/wp-content/themes/sevenroofing/assets/fonts/Poppins-SemiBold.svg]
[sevenroofing.com.au/wp-content/themes/sevenroofing/assets/fonts/Poppins-Medium.woff2]
[sevenroofing.com.au/wp-content/themes/sevenroofing/assets/fonts/Poppins-Medium.woff]
[sevenroofing.com.au/areas-we-serve/st-albans/index.html]
[sevenroofing.com.au/wp-content/themes/sevenroofing/assets/fonts/Poppins-Medium.ttf]
[sevenroofing.com.au/wp-content/themes/sevenroofing/assets/fonts/Poppins-Medium.svg]
[sevenroofing.com.au/wp-content/themes/sevenroofing/assets/fonts/Poppins-Bold.eot]
[sevenroofing.com.au/wp-content/themes/sevenroofing/assets/fonts/Poppins-Boldd41d.eot]
[sevenroofing.com.au/wp-content/themes/sevenroofing/assets/fonts/Poppins-Bold.woff2]
[sevenroofing.com.au/areas-we-serve/vermont/index.html]
[sevenroofing.com.au/wp-content/themes/sevenroofing/assets/fonts/Poppins-Bold.woff]
[sevenroofing.com.au/wp-content/themes/sevenroofing/assets/fonts/Poppins-Bold.ttf]
[sevenroofing.com.au/areas-we-serve/williamstown/index.html]
[sevenroofing.com.au/wp-content/themes/sevenroofing/assets/fonts/Poppins-Bold.svg]
[sevenroofing.com.au/areas-we-serve/mill-park/index.html]
[sevenroofing.com.au/contact/index.html]
[sevenroofing.com.au/wp-content/themes/sevenroofing/assets/images/icon_arrow_right_light.svg]
[sevenroofing.com.au/testimonials/index.html]
[sevenroofing.com.au/wp-content/themes/sevenroofing/assets/images/icon_roof_dark.svg]
[sevenroofing.com.au/wp-content/themes/sevenroofing/assets/images/icon_check.svg]
[sevenroofing.com.au/wp-content/cache/min/1/wp-content/themes/sevenroofing/assets/css/common823b.css]
[sevenroofing.com.au/wp-content/cache/min/1/wp-content/themes/sevenroofing/assets/css/common-critical823b.css]
[sevenroofing.com.au/wp-content/cache/min/1/wp-content/themes/sevenroofing/assets/css/animate823b.css]
[sevenroofing.com.au/wp-content/cache/min/1/wp-content/themes/sevenroofing/assets/css/home823b.css]
[sevenroofing.com.au/wp-content/themes/sevenroofing/assets/css/devb34e.css]
[www.googletagmanager.com/gtm5445.html]
[sevenroofing.com.au/wp-content/cache/min/1/wp-content/plugins/contact-form-7/includes/css/styles823b.css]
[sevenroofing.com.au/wp-content/themes/sevenroofing/assets/images/icon_angle_right_dark.svg]
[sevenroofing.com.au/about/i]
[sevenroofing.com.au/wp-content/uploads/2021/04/bg_inner_banner.jpg]
[sevenroofing.com.au/wp-json/oembed/1.0/embedbaa5.json]
[sevenroofing.com.au/about/Firefox/index.html]
[sevenroofing.com.au/wp-json/oembed/1.0/embed8265]
[sevenroofing.com.au/wp-content/cache/min/1/wp-content/themes/sevenroofing/assets/css/about2f79.css]
[sevenroofing.com.au/wp-json/wp/v2/pages/14.json]
[sevenroofing.com.au/wp-content/uploads/2021/04/about.jpg]
[sevenroofing.com.au/about/index.html]
[sevenroofing.com.au/services/i]
[sevenroofing.com.au/wp-json/oembed/1.0/embed4de7.json]
[sevenroofing.com.au/services/Firefox/index.html]
[sevenroofing.com.au/wp-json/oembed/1.0/embedfe3d]
[sevenroofing.com.au/services/index.html]
[sevenroofing.com.au/wp-json/wp/v2/pages/111.json]
[sevenroofing.com.au/services/roof-restorations/i]
[sevenroofing.com.au/wp-json/oembed/1.0/embed28b2.json]
[sevenroofing.com.au/services/roof-restorations/Firefox/index.html]
[sevenroofing.com.au/wp-json/oembed/1.0/embed1e80]
[sevenroofing.com.au/wp-content/cache/min/1/wp-content/themes/sevenroofing/assets/css/service-detaildf3f.css]
[sevenroofing.com.au/services/roof-restorations/index.html]
[sevenroofing.com.au/wp-json/wp/v2/pages/115.json]
[sevenroofing.com.au/services/roof-repairs/i]
[sevenroofing.com.au/wp-json/oembed/1.0/embedb4f8.json]
[sevenroofing.com.au/services/roof-repairs/Firefox/index.html]
[sevenroofing.com.au/wp-json/oembed/1.0/embed2031]
[sevenroofing.com.au/services/roof-repairs/index.html]
[sevenroofing.com.au/wp-json/wp/v2/pages/126.json]
[sevenroofing.com.au/services/roof-replacements/i]
[sevenroofing.com.au/wp-json/oembed/1.0/embed4d91.json]
[sevenroofing.com.au/services/roof-replacements/Firefox/index.html]
[sevenroofing.com.au/wp-json/oembed/1.0/embed9895]
[sevenroofing.com.au/services/roof-replacements/index.html]
[sevenroofing.com.au/wp-json/wp/v2/pages/127.json]
[sevenroofing.com.au/services/roof-guttering/i]
[sevenroofing.com.au/wp-json/oembed/1.0/embedc7f8.json]
[sevenroofing.com.au/services/roof-guttering/Firefox/index.html]
[sevenroofing.com.au/wp-json/oembed/1.0/embed82c3]
[sevenroofing.com.au/services/roof-guttering/index.html]
[sevenroofing.com.au/wp-json/wp/v2/pages/128.json]
[sevenroofing.com.au/colour-chart/i]
[sevenroofing.com.au/wp-json/oembed/1.0/embedcef6.json]
[sevenroofing.com.au/colour-chart/Firefox/index.html]
[sevenroofing.com.au/wp-json/oembed/1.0/embeda688]
[sevenroofing.com.au/wp-content/cache/min/1/wp-content/themes/sevenroofing/assets/css/color-chart7230.css]
[sevenroofing.com.au/wp-json/wp/v2/pages/112.json]
[sevenroofing.com.au/wp-content/uploads/2021/04/color_chart.jpg]
[sevenroofing.com.au/wp-content/uploads/2021/04/roofing_pale_terracotta.png]
[sevenroofing.com.au/wp-content/uploads/2021/04/roofing_homestead.png]
[sevenroofing.com.au/wp-content/uploads/2021/04/roofing_smokebush.png]
[sevenroofing.com.au/wp-content/uploads/2021/04/roofing_light_rivergum.png]
[sevenroofing.com.au/wp-content/uploads/2021/04/roofing_ghost_gum.png]
[sevenroofing.com.au/wp-content/uploads/2021/04/roofing_off_white.png]
[sevenroofing.com.au/wp-content/uploads/2021/04/roofing_arizona.png]
[sevenroofing.com.au/wp-content/uploads/2021/04/roofing_tuscan_red.png]
[sevenroofing.com.au/wp-content/uploads/2021/04/roofing_valley_brown.png]
[sevenroofing.com.au/wp-content/uploads/2021/04/roofing_mist_green.png]
[sevenroofing.com.au/wp-content/uploads/2021/04/roofing_bendigo_grey.png]
[sevenroofing.com.au/wp-content/uploads/2021/04/roofing_smooth_cream.png]
[sevenroofing.com.au/wp-content/uploads/2021/04/roofing_amber.png]
[sevenroofing.com.au/wp-content/uploads/2021/04/roofing_autumn.png]
[sevenroofing.com.au/wp-content/uploads/2021/04/roofing_tan.png]
[sevenroofing.com.au/wp-content/uploads/2021/04/roofing_rivergum.png]
[sevenroofing.com.au/wp-content/uploads/2021/04/roofing_slate_grey.png]
[sevenroofing.com.au/wp-content/uploads/2021/04/roofing_gull_grey.png]
[sevenroofing.com.au/wp-content/uploads/2021/04/roofing_peach.png]
[sevenroofing.com.au/wp-content/uploads/2021/04/roofing_rich_red.png]
[sevenroofing.com.au/wp-content/uploads/2021/04/roofing_homebush.png]
[sevenroofing.com.au/wp-content/uploads/2021/04/roofing_brunswick_green.png]
[sevenroofing.com.au/wp-content/uploads/2021/04/roofing_charcoal.png]
[sevenroofing.com.au/wp-content/uploads/2021/04/roofing_birch_grey.png]
[sevenroofing.com.au/wp-content/uploads/2021/04/roofing_riverclay.png]
[sevenroofing.com.au/wp-content/uploads/2021/04/roofing_rust.png]
[sevenroofing.com.au/wp-content/uploads/2021/04/roofing_chocolate.png]
[sevenroofing.com.au/wp-content/uploads/2021/04/roofing_gum_tree.png]
[sevenroofing.com.au/wp-content/uploads/2021/04/roofing_bluestone.png]
[sevenroofing.com.au/wp-content/uploads/2021/04/roofing_beige.png]
[sevenroofing.com.au/wp-content/uploads/2021/04/roofing_terracotta.png]
[sevenroofing.com.au/wp-content/uploads/2021/04/roofing_burgundy.png]
[sevenroofing.com.au/wp-content/uploads/2021/04/roofing_dark_brown.png]
[sevenroofing.com.au/wp-content/uploads/2021/04/roofing_cobble.png]
[sevenroofing.com.au/wp-content/uploads/2021/04/roofing_brushwood.png]
[sevenroofing.com.au/wp-content/uploads/2021/04/roofing_desert_clay.png]
[sevenroofing.com.au/wp-content/uploads/2021/04/roofing_deep_burgundy.png]
[sevenroofing.com.au/wp-content/uploads/2021/04/roofing_manganese.png]
[sevenroofing.com.au/wp-content/uploads/2021/04/roofing_mountain_blue.png]
[sevenroofing.com.au/wp-content/uploads/2021/04/roofing_black.png]
[sevenroofing.com.au/wp-content/uploads/2021/04/roofing_mocha.png]
[sevenroofing.com.au/wp-content/uploads/2021/04/gutter_hunter_red.png]
[sevenroofing.com.au/wp-content/uploads/2021/04/gutter_heritage_red.png]
[sevenroofing.com.au/wp-content/uploads/2021/04/gutter_slate_grey.png]
[sevenroofing.com.au/wp-content/uploads/2021/04/gutter_dusk.png]
[sevenroofing.com.au/wp-content/uploads/2021/04/gutter_armour_grey.png]
[sevenroofing.com.au/wp-content/uploads/2021/04/gutter_caulfield_green.png]
[sevenroofing.com.au/wp-content/uploads/2021/04/gutter_federation_green.png]
[sevenroofing.com.au/wp-content/uploads/2021/04/gutter_merind.png]
[sevenroofing.com.au/wp-content/uploads/2021/04/gutter_mountain_blue.png]
[sevenroofing.com.au/wp-content/uploads/2021/04/gutter_brown.png]
[sevenroofing.com.au/wp-content/uploads/2021/04/gutter_jasmin_brown.png]
[sevenroofing.com.au/wp-content/uploads/2021/04/gutter_tuscan_red.png]
[sevenroofing.com.au/wp-content/uploads/2021/04/gutter_monolith.png]
[sevenroofing.com.au/wp-content/uploads/2021/04/gutter_rivergum.png]
[sevenroofing.com.au/wp-content/uploads/2021/04/gutter_smooth_cream.png]
[sevenroofing.com.au/wp-content/uploads/2021/04/gutter_attic.png]
[sevenroofing.com.au/wp-content/uploads/2021/04/gutter_mist_green.png]
[sevenroofing.com.au/wp-content/uploads/2021/04/gutter_brich.png]
[sevenroofing.com.au/wp-content/uploads/2021/04/gutter_bushsmoke.png]
[sevenroofing.com.au/wp-content/uploads/2021/04/gutter_black.png]
[sevenroofing.com.au/wp-content/uploads/2021/04/gutter_sandlewood.png]
[sevenroofing.com.au/wp-content/uploads/2021/04/gutter_gull_grey.png]
[sevenroofing.com.au/wp-content/uploads/2021/04/gutter_iron_grey.png]
[sevenroofing.com.au/colour-chart/index.html]
[sevenroofing.com.au/areas-we-serve/i]
[sevenroofing.com.au/wp-json/oembed/1.0/embede5fa.json]
[sevenroofing.com.au/wp-json/oembed/1.0/embede121]
[sevenroofing.com.au/areas-we-serve/Firefox/index.html]
[sevenroofing.com.au/wp-json/wp/v2/pages/216.json]
[sevenroofing.com.au/wp-content/uploads/2021/04/roof-repair-8.jpg]
[sevenroofing.com.au/areas-we-serve/index.html]
[sevenroofing.com.au/areas-we-serve/fairfield/index.html]
[sevenroofing.com.au/areas-we-serve/northern-suburbs/i]
[sevenroofing.com.au/wp-json/oembed/1.0/embedb167.json]
[sevenroofing.com.au/areas-we-serve/northern-suburbs/Firefox/index.html]
[sevenroofing.com.au/wp-json/oembed/1.0/embedd796]
[sevenroofing.com.au/wp-json/wp/v2/pages/220.json]
[sevenroofing.com.au/wp-content/uploads/2021/04/roofing_repairs_02-733x422.jpg]
[sevenroofing.com.au/wp-content/uploads/2021/04/roofing_repairs_03-733x422.jpg]
[sevenroofing.com.au/wp-content/uploads/2021/04/roof-repair-733x422.jpg]
[sevenroofing.com.au/wp-content/uploads/2021/04/roof_replacement-733x422.jpg]
[sevenroofing.com.au/wp-content/uploads/2021/04/roof-guttering-733x422.jpg]
[sevenroofing.com.au/wp-content/uploads/2021/04/serv_roof_repair.jpg]
[sevenroofing.com.au/wp-content/uploads/2021/12/Northern-Suburbs-VIC.png]
[sevenroofing.com.au/areas-we-serve/northern-suburbs/index.html]
[sevenroofing.com.au/areas-we-serve/brunswick/i]
[sevenroofing.com.au/areas-we-serve/brunswick/Firefox/index.html]
[sevenroofing.com.au/wp-json/oembed/1.0/embed34e2.json]
[sevenroofing.com.au/wp-json/oembed/1.0/embedb03c]
[sevenroofing.com.au/wp-json/wp/v2/pages/1123.json]
[sevenroofing.com.au/areas-we-serve/brunswick/index.html]
[sevenroofing.com.au/wp-content/uploads/2023/04/Brunswick.jpg]
[sevenroofing.com.au/areas-we-serve/bundoora/i]
[sevenroofing.com.au/wp-json/oembed/1.0/embeddab9.json]
[sevenroofing.com.au/areas-we-serve/bundoora/Firefox/index.html]
[sevenroofing.com.au/wp-json/oembed/1.0/embed588b]
[sevenroofing.com.au/areas-we-serve/bundoora/index.html]
[sevenroofing.com.au/wp-json/wp/v2/pages/1322.json]
[sevenroofing.com.au/areas-we-serve/campbellfield/i]
[sevenroofing.com.au/wp-json/oembed/1.0/embed9719.json]
[sevenroofing.com.au/areas-we-serve/campbellfield/Firefox/index.html]
[sevenroofing.com.au/wp-json/oembed/1.0/embed9c77]
[sevenroofing.com.au/wp-json/wp/v2/pages/1315.json]
[sevenroofing.com.au/areas-we-serve/campbellfield/index.html]
[sevenroofing.com.au/wp-content/plugins/wp-rocket/assets/js/wpr-beacon.min.js]
[sevenroofing.com.au/areas-we-serve/coburg/i]
[sevenroofing.com.au/wp-json/oembed/1.0/embed3ce7.json]
[sevenroofing.com.au/areas-we-serve/coburg/Firefox/index.html]
[sevenroofing.com.au/wp-json/oembed/1.0/embed163d]
[sevenroofing.com.au/wp-json/wp/v2/pages/1135.json]
[sevenroofing.com.au/wp-content/uploads/2023/04/Coburg.jpg]
[sevenroofing.com.au/areas-we-serve/coburg/index.html]
[sevenroofing.com.au/areas-we-serve/epping/i]
[sevenroofing.com.au/wp-json/oembed/1.0/embed21d2.json]
[sevenroofing.com.au/areas-we-serve/epping/Firefox/index.html]
[sevenroofing.com.au/wp-json/oembed/1.0/embed52a1]
[sevenroofing.com.au/wp-json/wp/v2/pages/1108.json]
[sevenroofing.com.au/areas-we-serve/epping/index.html]
[sevenroofing.com.au/wp-content/uploads/2023/04/Epping.jpg]
[sevenroofing.com.au/areas-we-serve/heidelberg/i]
[sevenroofing.com.au/wp-json/oembed/1.0/embed0cdd.json]
[sevenroofing.com.au/areas-we-serve/heidelberg/Firefox/index.html]
[sevenroofing.com.au/wp-json/oembed/1.0/embed493d]
[sevenroofing.com.au/areas-we-serve/heidelberg/index.html]
[sevenroofing.com.au/wp-json/wp/v2/pages/1319.json]
[sevenroofing.com.au/areas-we-serve/preston/i]
[sevenroofing.com.au/wp-json/oembed/1.0/embedfae7.json]
[sevenroofing.com.au/areas-we-serve/preston/Firefox/index.html]
[sevenroofing.com.au/wp-json/oembed/1.0/embed732a]
[sevenroofing.com.au/wp-json/wp/v2/pages/1140.json]
[sevenroofing.com.au/areas-we-serve/preston/index.html]
[sevenroofing.com.au/wp-content/uploads/2023/04/Preston.jpg]
[sevenroofing.com.au/areas-we-serve/reservoir/i]
[sevenroofing.com.au/wp-json/oembed/1.0/embede76d.json]
[sevenroofing.com.au/areas-we-serve/reservoir/Firefox/index.html]
[sevenroofing.com.au/wp-json/oembed/1.0/embeda01f]
[sevenroofing.com.au/wp-json/wp/v2/pages/1129.json]
[sevenroofing.com.au/wp-content/uploads/2023/04/Reservoir.jpg]
[sevenroofing.com.au/areas-we-serve/reservoir/index.html]
[sevenroofing.com.au/areas-we-serve/thomastown/i]
[sevenroofing.com.au/wp-json/oembed/1.0/embed1cc3.json]
[sevenroofing.com.au/areas-we-serve/thomastown/Firefox/index.html]
[sevenroofing.com.au/wp-json/oembed/1.0/embed636b]
[sevenroofing.com.au/wp-json/wp/v2/pages/889.json]
[sevenroofing.com.au/wp-content/uploads/2021/04/Roof-Restorations-733x422.jpg]
[sevenroofing.com.au/wp-content/uploads/2022/06/Thomastown.jpg]
[sevenroofing.com.au/areas-we-serve/thomastown/index.html]
[sevenroofing.com.au/areas-we-serve/thornbury/i]
[sevenroofing.com.au/wp-json/oembed/1.0/embedbf4c.json]
[sevenroofing.com.au/areas-we-serve/thornbury/Firefox/index.html]
[sevenroofing.com.au/wp-json/oembed/1.0/embedbd3a]
[sevenroofing.com.au/areas-we-serve/thornbury/index.html]
[sevenroofing.com.au/wp-json/wp/v2/pages/1321.json]
[sevenroofing.com.au/areas-we-serve/avondale-heights/i]
[sevenroofing.com.au/wp-json/oembed/1.0/embed6342.json]
[sevenroofing.com.au/areas-we-serve/avondale-heights/Firefox/index.html]
[sevenroofing.com.au/wp-json/oembed/1.0/embede3a4]
[sevenroofing.com.au/wp-json/wp/v2/pages/1898.json]
[sevenroofing.com.au/areas-we-serve/avondale-heights/index.html]
[sevenroofing.com.au/wp-content/uploads/2025/03/avondale-heights.png]
[sevenroofing.com.au/areas-we-serve/essendon/i]
[sevenroofing.com.au/wp-json/oembed/1.0/embedb8dc.json]
[sevenroofing.com.au/areas-we-serve/essendon/Firefox/index.html]
[sevenroofing.com.au/wp-json/oembed/1.0/embed8cc3]
[sevenroofing.com.au/wp-json/wp/v2/pages/1896.json]
[sevenroofing.com.au/wp-content/uploads/2025/03/essendon.png]
[sevenroofing.com.au/areas-we-serve/essendon/index.html]
[sevenroofing.com.au/areas-we-serve/greenvale/i]
[sevenroofing.com.au/wp-json/oembed/1.0/embed547a.json]
[sevenroofing.com.au/areas-we-serve/greenvale/Firefox/index.html]
[sevenroofing.com.au/wp-json/oembed/1.0/embed1fa7]
[sevenroofing.com.au/wp-json/wp/v2/pages/1901.json]
[sevenroofing.com.au/areas-we-serve/greenvale/index.html]
[sevenroofing.com.au/wp-content/uploads/2025/03/greenvale.png]
[sevenroofing.com.au/areas-we-serve/keilor-east/i]
[sevenroofing.com.au/wp-json/oembed/1.0/embed0895.json]
[sevenroofing.com.au/areas-we-serve/keilor-east/Firefox/index.html]
[sevenroofing.com.au/wp-json/oembed/1.0/embed776a]
[sevenroofing.com.au/wp-json/wp/v2/pages/1903.json]
[sevenroofing.com.au/areas-we-serve/keilor-east/index.html]
[sevenroofing.com.au/wp-content/uploads/2025/03/Keilor-East.png]
[sevenroofing.com.au/areas-we-serve/moonee-ponds/i]
[sevenroofing.com.au/wp-json/oembed/1.0/embed2f07.json]
[sevenroofing.com.au/areas-we-serve/moonee-ponds/Firefox/index.html]
[sevenroofing.com.au/wp-json/oembed/1.0/embed5ea1]
[sevenroofing.com.au/wp-json/wp/v2/pages/1900.json]
[sevenroofing.com.au/areas-we-serve/moonee-ponds/index.html]
[sevenroofing.com.au/wp-content/uploads/2025/03/moonee-ponds.png]
[sevenroofing.com.au/areas-we-serve/south-morang/i]
[sevenroofing.com.au/wp-json/oembed/1.0/embed1447.json]
[sevenroofing.com.au/areas-we-serve/south-morang/Firefox/index.html]
[sevenroofing.com.au/wp-json/oembed/1.0/embed51b8]
[sevenroofing.com.au/wp-json/wp/v2/pages/1904.json]
[sevenroofing.com.au/areas-we-serve/south-morang/index.html]
[sevenroofing.com.au/wp-content/uploads/2025/03/south-morang.png]
[sevenroofing.com.au/areas-we-serve/sunshine/i]
[sevenroofing.com.au/wp-json/oembed/1.0/embeddc2d.json]
[sevenroofing.com.au/areas-we-serve/sunshine/Firefox/index.html]
[sevenroofing.com.au/wp-json/oembed/1.0/embed53cf]
[sevenroofing.com.au/wp-json/wp/v2/pages/1902.json]
[sevenroofing.com.au/areas-we-serve/sunshine/index.html]
[sevenroofing.com.au/wp-content/uploads/2025/03/sunshine.png]
[sevenroofing.com.au/areas-we-serve/st-albans/i]
[sevenroofing.com.au/wp-json/oembed/1.0/embed9516.json]
[sevenroofing.com.au/areas-we-serve/st-albans/Firefox/index.html]
[sevenroofing.com.au/wp-json/oembed/1.0/embed3f35]
[sevenroofing.com.au/wp-json/wp/v2/pages/1899.json]
[sevenroofing.com.au/wp-content/uploads/2025/03/st-albans.png]
[sevenroofing.com.au/areas-we-serve/st-albans/index.html]
[sevenroofing.com.au/areas-we-serve/vermont/i]
[sevenroofing.com.au/wp-json/oembed/1.0/embedaef4.json]
[sevenroofing.com.au/areas-we-serve/vermont/Firefox/index.html]
[sevenroofing.com.au/wp-json/oembed/1.0/embed26d6]
[sevenroofing.com.au/wp-json/wp/v2/pages/223.json]
[sevenroofing.com.au/wp-content/uploads/2021/07/vermont.jpg]
[sevenroofing.com.au/areas-we-serve/vermont/index.html]
[sevenroofing.com.au/areas-we-serve/williamstown/i]
[sevenroofing.com.au/wp-json/oembed/1.0/embed70a5.json]
[sevenroofing.com.au/areas-we-serve/williamstown/Firefox/index.html]
[sevenroofing.com.au/wp-json/oembed/1.0/embed479d]
[sevenroofing.com.au/wp-json/wp/v2/pages/1897.json]
[sevenroofing.com.au/wp-content/uploads/2025/03/williamstown.png]
[sevenroofing.com.au/areas-we-serve/williamstown/index.html]
[sevenroofing.com.au/contact/i]
[sevenroofing.com.au/wp-json/oembed/1.0/embed1e3c.json]
[sevenroofing.com.au/contact/Firefox/index.html]
[sevenroofing.com.au/wp-json/oembed/1.0/embed814c]
[sevenroofing.com.au/wp-content/cache/min/1/wp-content/themes/sevenroofing/assets/css/contact8ba3.css]
[sevenroofing.com.au/contact/index.html]
[sevenroofing.com.au/wp-content/themes/sevenroofing/assets/images/icon_call_dark.svg]
[sevenroofing.com.au/wp-content/uploads/2021/04/icon_fixedupfront.svg]
[sevenroofing.com.au/wp-content/uploads/2021/04/icon_moneyback.svg]
[sevenroofing.com.au/wp-content/uploads/2021/04/icon_paymentplan.svg]
[sevenroofing.com.au/wp-content/uploads/2021/04/icon_fullyqualify.svg]
[sevenroofing.com.au/wp-content/uploads/2021/04/icon_residential_dark.svg]
[sevenroofing.com.au/wp-content/uploads/2021/04/icon_commercial_dark.svg]
[sevenroofing.com.au/wp-content/themes/sevenroofing/assets/images/icon_larrow_right_dark.svg]
[sevenroofing.com.au/wp-json/wp/v2/pages/114.json]
[sevenroofing.com.au/areas-we-serve/mill-park/i]
[sevenroofing.com.au/wp-json/oembed/1.0/embed21d8.json]
[sevenroofing.com.au/areas-we-serve/mill-park/Firefox/index.html]
[sevenroofing.com.au/wp-json/oembed/1.0/embedd86d]
[sevenroofing.com.au/wp-json/wp/v2/pages/884.json]
[sevenroofing.com.au/areas-we-serve/mill-park/index.html]
[sevenroofing.com.au/wp-content/uploads/2021/04/icon_10years-1.svg]
[sevenroofing.com.au/wp-content/uploads/2021/04/icon_paymentplan-1.svg]
[sevenroofing.com.au/wp-content/uploads/2021/04/icon_fullyqualify-1.svg]
[sevenroofing.com.au/wp-content/uploads/2021/04/icon_sourced.svg]
[sevenroofing.com.au/wp-content/uploads/2021/04/icon_moneyback-1.svg]
[sevenroofing.com.au/wp-content/uploads/2021/04/icon_hia.svg]
[sevenroofing.com.au/wp-content/uploads/2021/04/icon_fixedupfront-1.svg]
[sevenroofing.com.au/wp-content/uploads/2021/04/text_name.svg]
[sevenroofing.com.au/wp-content/uploads/2021/04/logo_hia.svg]
[sevenroofing.com.au/wp-content/uploads/2022/06/Mill-Park.jpg]
[sevenroofing.com.au/wp-content/uploads/trustindex-google-widgetf760.css]
[sevenroofing.com.au/wp-content/themes/sevenroofing/assets/images/icon_call_light.svg]
[sevenroofing.com.au/wp-content/themes/sevenroofing/assets/images/icon_location_ligth.svg]
[sevenroofing.com.au/wp-content/themes/sevenroofing/assets/images/icon_plane_light.svg]
[sevenroofing.com.au/testimonials/i]
[sevenroofing.com.au/wp-json/oembed/1.0/embeda511.json]
[sevenroofing.com.au/testimonials/Firefox/index.html]
[sevenroofing.com.au/wp-json/oembed/1.0/embeddaaa]
[sevenroofing.com.au/wp-content/cache/min/1/wp-content/themes/sevenroofing/assets/css/review2739.css]
[sevenroofing.com.au/wp-json/wp/v2/pages/113.json]
[sevenroofing.com.au/testimonials/index.html]
[sevenroofing.com.au/wp-content/themes/sevenroofing/assets/fonts/fontawesome-webfont3e6e.svg]
[sevenroofing.com.au/wp-content/themes/sevenroofing/assets/fonts/Poppins-Regular.svg]
[sevenroofing.com.au/wp-content/themes/sevenroofing/assets/images/icon_user_light.svg]
[sevenroofing.com.au/wp-content/themes/sevenroofing/assets/fonts/Poppins-SemiBold.svg]
[sevenroofing.com.au/wp-content/themes/sevenroofing/assets/fonts/Poppins-Medium.svg]
[sevenroofing.com.au/wp-content/themes/sevenroofing/assets/fonts/Poppins-Bold.svg]
[sevenroofing.com.au/wp-content/themes/sevenroofing/assets/images/icon_arrow_right_light.svg]
[sevenroofing.com.au/wp-content/themes/sevenroofing/assets/images/icon_roof_dark.svg]
[sevenroofing.com.au/wp-content/themes/sevenroofing/assets/images/icon_check.svg]
[sevenroofing.com.au/wp-content/themes/sevenroofing/assets/images/icon_angle_right_dark.svg]
[sevenroofing.com.au/about/i.html]
[sevenroofing.com.au/about/Firefox/index.html]
[sevenroofing.com.au/wp-content/cache/min/1/wp-content/themes/sevenroofing/assets/css/about2f79.css]
[sevenroofing.com.au/index0b69.html]
[sevenroofing.com.au/services/i.html]
[sevenroofing.com.au/services/Firefox/index.html]
[sevenroofing.com.au/indexbbbb.html]
[sevenroofing.com.au/services/roof-restorations/i.html]
[sevenroofing.com.au/services/roof-restorations/Firefox/index.html]
[sevenroofing.com.au/wp-content/cache/min/1/wp-content/themes/sevenroofing/assets/css/service-detaildf3f.css]
[sevenroofing.com.au/index0a10.html]
[sevenroofing.com.au/services/roof-repairs/i.html]
[sevenroofing.com.au/services/roof-repairs/Firefox/index.html]
[sevenroofing.com.au/index4ab3.html]
[sevenroofing.com.au/services/roof-replacements/i.html]
[sevenroofing.com.au/services/roof-replacements/Firefox/index.html]
[sevenroofing.com.au/index9751.html]
[sevenroofing.com.au/services/roof-guttering/i.html]
[sevenroofing.com.au/services/roof-guttering/Firefox/index.html]
[sevenroofing.com.au/index913e.html]
[sevenroofing.com.au/colour-chart/i.html]
[sevenroofing.com.au/colour-chart/Firefox/index.html]
[sevenroofing.com.au/wp-content/cache/min/1/wp-content/themes/sevenroofing/assets/css/color-chart7230.css]
[sevenroofing.com.au/index8820.html]
[sevenroofing.com.au/areas-we-serve/i.html]
[sevenroofing.com.au/areas-we-serve/Firefox/index.html]
[sevenroofing.com.au/index4659.html]
[sevenroofing.com.au/areas-we-serve/fairfield/i]
[sevenroofing.com.au/wp-json/oembed/1.0/embed6d9d.json]
[sevenroofing.com.au/areas-we-serve/fairfield/Firefox/index.html]
[sevenroofing.com.au/wp-json/oembed/1.0/embedb108]
[sevenroofing.com.au/wp-json/wp/v2/pages/872.json]
[sevenroofing.com.au/wp-content/uploads/2022/06/Fairfield.jpg]
[sevenroofing.com.au/areas-we-serve/fairfield/index.html]
[sevenroofing.com.au/areas-we-serve/northern-suburbs/i.html]
[sevenroofing.com.au/areas-we-serve/northern-suburbs/Firefox/index.html]
[sevenroofing.com.au/index156c.html]
[sevenroofing.com.au/areas-we-serve/brunswick/i.html]
[sevenroofing.com.au/areas-we-serve/brunswick/Firefox/index.html]
[sevenroofing.com.au/index9a82.html]
[sevenroofing.com.au/areas-we-serve/bundoora/i.html]
[sevenroofing.com.au/areas-we-serve/bundoora/Firefox/index.html]
[sevenroofing.com.au/index7d05.html]
[sevenroofing.com.au/areas-we-serve/campbellfield/i.html]
[sevenroofing.com.au/areas-we-serve/campbellfield/Firefox/index.html]
[sevenroofing.com.au/index5f98.html]
[sevenroofing.com.au/areas-we-serve/coburg/i.html]
[sevenroofing.com.au/areas-we-serve/coburg/Firefox/index.html]
[sevenroofing.com.au/index46e8.html]
[sevenroofing.com.au/areas-we-serve/epping/i.html]
[sevenroofing.com.au/areas-we-serve/epping/Firefox/index.html]
[sevenroofing.com.au/index9fb6.html]
[sevenroofing.com.au/areas-we-serve/heidelberg/i.html]
[sevenroofing.com.au/areas-we-serve/heidelberg/Firefox/index.html]
[sevenroofing.com.au/indexd848.html]
[sevenroofing.com.au/areas-we-serve/preston/i.html]
[sevenroofing.com.au/areas-we-serve/preston/Firefox/index.html]
[sevenroofing.com.au/indexc7a9.html]
[sevenroofing.com.au/areas-we-serve/reservoir/i.html]
[sevenroofing.com.au/areas-we-serve/reservoir/Firefox/index.html]
[sevenroofing.com.au/index6b36.html]
[sevenroofing.com.au/areas-we-serve/thomastown/i.html]
[sevenroofing.com.au/areas-we-serve/thomastown/Firefox/index.html]
[sevenroofing.com.au/indexf45d.html]
[sevenroofing.com.au/areas-we-serve/thornbury/i.html]
[sevenroofing.com.au/areas-we-serve/thornbury/Firefox/index.html]
[sevenroofing.com.au/indexb86d.html]
[sevenroofing.com.au/areas-we-serve/avondale-heights/i.html]
[sevenroofing.com.au/areas-we-serve/avondale-heights/Firefox/index.html]
[sevenroofing.com.au/index3bad.html]
[sevenroofing.com.au/areas-we-serve/essendon/i.html]
[sevenroofing.com.au/areas-we-serve/essendon/Firefox/index.html]
[sevenroofing.com.au/index8c3c.html]
[sevenroofing.com.au/areas-we-serve/greenvale/i.html]
[sevenroofing.com.au/areas-we-serve/greenvale/Firefox/index.html]
[sevenroofing.com.au/index111c.html]
[sevenroofing.com.au/areas-we-serve/keilor-east/i.html]
[sevenroofing.com.au/areas-we-serve/keilor-east/Firefox/index.html]
[sevenroofing.com.au/index9af6.html]
[sevenroofing.com.au/areas-we-serve/moonee-ponds/i.html]
[sevenroofing.com.au/areas-we-serve/moonee-ponds/Firefox/index.html]
[sevenroofing.com.au/index3f7e.html]
[sevenroofing.com.au/areas-we-serve/south-morang/i.html]
[sevenroofing.com.au/areas-we-serve/south-morang/Firefox/index.html]
[sevenroofing.com.au/indexb342.html]
[sevenroofing.com.au/areas-we-serve/sunshine/i.html]
[sevenroofing.com.au/areas-we-serve/sunshine/Firefox/index.html]
[sevenroofing.com.au/index97f3.html]
[sevenroofing.com.au/areas-we-serve/st-albans/i.html]
[sevenroofing.com.au/areas-we-serve/st-albans/Firefox/index.html]
[sevenroofing.com.au/indexc016.html]
[sevenroofing.com.au/areas-we-serve/vermont/i.html]
[sevenroofing.com.au/areas-we-serve/vermont/Firefox/index.html]
[sevenroofing.com.au/indexd027.html]
[sevenroofing.com.au/areas-we-serve/williamstown/i.html]
[sevenroofing.com.au/areas-we-serve/williamstown/Firefox/index.html]
[sevenroofing.com.au/indexe481.html]
[sevenroofing.com.au/contact/i.html]
[sevenroofing.com.au/contact/Firefox/index.html]
[sevenroofing.com.au/wp-content/cache/min/1/wp-content/themes/sevenroofing/assets/css/contact8ba3.css]
[sevenroofing.com.au/index30a5.html]
[sevenroofing.com.au/areas-we-serve/mill-park/i.html]
[sevenroofing.com.au/areas-we-serve/mill-park/Firefox/index.html]
[sevenroofing.com.au/index470a.html]
[sevenroofing.com.au/testimonials/i.html]
[sevenroofing.com.au/testimonials/Firefox/index.html]
[sevenroofing.com.au/wp-content/cache/min/1/wp-content/themes/sevenroofing/assets/css/review2739.css]
[sevenroofing.com.au/index3961.html]
[sevenroofing.com.au/wp-content/themes/sevenroofing/assets/images/icon_user_light.svg]
[sevenroofing.com.au/xmlrpc0db0.php]
[sevenroofing.com.au/areas-we-serve/fairfield/i.html]
[sevenroofing.com.au/areas-we-serve/fairfield/Firefox/index.html]
[sevenroofing.com.au/index6239.html]
